========================================== 
Automation Started: Tue 09/08/2026 11:18:26.15 
Project Directory: C:\Users\Akashkumar\Desktop\vs code\.vscode\selenium\maintenance 
========================================== 
 
[1] Java Version 
java version "21.0.9" 2025-10-21 LTS
Java(TM) SE Runtime Environment (build 21.0.9+7-LTS-338)
Java HotSpot(TM) 64-Bit Server VM (build 21.0.9+7-LTS-338, mixed mode, sharing)
 
[2] Maven Version 
Apache Maven 3.9.12 (848fbb4bf2d427b72bdb2471c22fced7ebd9a7a1)
Maven home: C:\Tools\apache-maven\apache-maven-3.9.12
Java version: 21.0.9, vendor: Oracle Corporation, runtime: C:\Program Files\Java\jdk-21
Default locale: en_US, platform encoding: UTF-8
OS name: "windows 11", version: "10.0", arch: "amd64", family: "windows"
 
[3] Maven Clean Compile 
[INFO] Scanning for projects...
[INFO] 
[INFO] ------------------------< com.example:selenium >------------------------
[INFO] Building selenium 1.0-SNAPSHOT
[INFO]   from pom.xml
[INFO] --------------------------------[ jar ]---------------------------------
[INFO] 
[INFO] --- clean:3.2.0:clean (default-clean) @ selenium ---
[INFO] Deleting C:\Users\Akashkumar\Desktop\vs code\.vscode\selenium\maintenance\target
[INFO] 
[INFO] --- resources:3.3.1:resources (default-resources) @ selenium ---
[INFO] skip non existing resourceDirectory C:\Users\Akashkumar\Desktop\vs code\.vscode\selenium\maintenance\src\main\resources
[INFO] 
[INFO] --- compiler:3.13.0:compile (default-compile) @ selenium ---
[INFO] Recompiling the module because of changed source code.
[INFO] Compiling 7 source files with javac [debug target 21] to target\classes
[INFO] ------------------------------------------------------------------------
[INFO] BUILD SUCCESS
[INFO] ------------------------------------------------------------------------
[INFO] Total time:  3.133 s
[INFO] Finished at: 2026-09-08T11:18:32+05:30
[INFO] ------------------------------------------------------------------------
Compile Exit Code: 0 
 
[4] Starting Selenium Automation 
