========================================== 
Automation Started: Tue 09/15/2026 10:43:42.41 
Project Directory: C:\Users\Akashkumar\Desktop\vs code\.vscode\selenium\maintenance 
========================================== 
 
[1] Java Version 
java version "21.0.9" 2025-10-21 LTS
Java(TM) SE Runtime Environment (build 21.0.9+7-LTS-338)
Java HotSpot(TM) 64-Bit Server VM (build 21.0.9+7-LTS-338, mixed mode, sharing)
 
[2] Maven Version 
Apache Maven 3.9.12 (848fbb4bf2d427b72bdb2471c22fced7ebd9a7a1)
Maven home: C:\Tools\apache-maven\apache-maven-3.9.12
Java version: 21.0.9, vendor: Oracle Corporation, runtime: C:\Program Files\Java\jdk-21
Default locale: en_US, platform encoding: UTF-8
OS name: "windows 11", version: "10.0", arch: "amd64", family: "windows"
 
[3] Maven Clean Compile 
[INFO] Scanning for projects...
[INFO] 
[INFO] ------------------------< com.example:selenium >------------------------
[INFO] Building selenium 1.0-SNAPSHOT
[INFO]   from pom.xml
[INFO] --------------------------------[ jar ]---------------------------------
[INFO] 
[INFO] --- clean:3.2.0:clean (default-clean) @ selenium ---
[INFO] Deleting C:\Users\Akashkumar\Desktop\vs code\.vscode\selenium\maintenance\target
[INFO] 
[INFO] --- resources:3.3.1:resources (default-resources) @ selenium ---
[INFO] skip non existing resourceDirectory C:\Users\Akashkumar\Desktop\vs code\.vscode\selenium\maintenance\src\main\resources
[INFO] 
[INFO] --- compiler:3.13.0:compile (default-compile) @ selenium ---
[INFO] Recompiling the module because of changed source code.
[INFO] Compiling 7 source files with javac [debug target 21] to target\classes
[INFO] ------------------------------------------------------------------------
[INFO] BUILD SUCCESS
[INFO] ------------------------------------------------------------------------
[INFO] Total time:  4.287 s
[INFO] Finished at: 2026-09-15T10:43:50+05:30
[INFO] ------------------------------------------------------------------------
Compile Exit Code: 0 
 
[4] Starting Selenium Automation 
[INFO] Scanning for projects...
Downloading from central: https://repo.maven.apache.org/maven2/org/codehaus/mojo/maven-metadata.xml
Downloading from central: https://repo.maven.apache.org/maven2/org/apache/maven/plugins/maven-metadata.xml
Progress (1): 3.2 kBProgress (2): 3.2 kB | 3.9 kBProgress (2): 6.9 kB | 3.9 kBProgress (2): 6.9 kB | 7.7 kBProgress (2): 6.9 kB | 10 kB Progress (2): 12 kB | 10 kB Progress (2): 18 kB | 10 kBProgress (2): 20 kB | 10 kB                           Downloaded from central: https://repo.maven.apache.org/maven2/org/apache/maven/plugins/maven-metadata.xml (10 kB at 18 kB/s)
Downloaded from central: https://repo.maven.apache.org/maven2/org/codehaus/mojo/maven-metadata.xml (20 kB at 36 kB/s)
[INFO] 
[INFO] ------------------------< com.example:selenium >------------------------
[INFO] Building selenium 1.0-SNAPSHOT
[INFO]   from pom.xml
[INFO] --------------------------------[ jar ]---------------------------------
[INFO] 
[INFO] --- exec:3.5.0:java (default-cli) @ selenium ---
ERROR StatusLogger Log4j2 could not find a logging implementation. Please add log4j-core to the classpath. Using SimpleLogger to log to the console...
Total Rows : 12
Sep 15, 2026 10:44:04 AM org.openqa.selenium.devtools.CdpVersionFinder findNearestMatch
WARNING: Unable to find CDP implementation matching 153
Sep 15, 2026 10:44:04 AM org.openqa.selenium.chromium.ChromiumDriver lambda$new$4
WARNING: Unable to find version of CDP to use for 153.0.8010.36. You may need to include a dependency on a specific version of the CDP using something similar to `org.seleniumhq.selenium:selenium-devtools-v86:4.34.0` where the version ("v86") matches the version of the chromium-based browser you're using and the version number of the artifact is the same as Selenium's.
Login successful.
System Notification opened.

##############################################
STARTING PROVIDER
Provider : SPLUS [SPLUS]
Start    : 2026-09-15 13:00:00
End      : 2026-09-15 16:00:00
Remark   : Provider is on maintenance
##############################################
Fresh Add Notification modal opened.
Currencies available: [THB, BDT, INR, PKR, SGD, AUD, HKD, MYR, NPR, PHP, MMK, IDR, USD, VND, LAK, TWD, PGK, LKR]

==============================================
Provider : SPLUS [SPLUS]
Currency : THB
Attempt  : 1
==============================================
Currency selected: THB
Currency validation PASS
Waiting for merchants to load for THB
Merchant options found: 35
Merchants selected: 35 / 35
All merchants selected successfully for THB
Provider selected successfully: SPLUS [SPLUS]
Start date validation PASS
End date validation PASS
Remark validation PASS

======================================
VALIDATING BEFORE SAVE
Provider : SPLUS [SPLUS]
Currency : THB
Start    : 2026-09-15 13:00:00
End      : 2026-09-15 16:00:00
Remark   : Provider is on maintenance
======================================

========== VALIDATION START ==========
Provider Validation | Expected: SPLUS [SPLUS] | Actual: SPLUS [SPLUS] | Result: PASS
Start Date Validation | Expected: 2026-09-15 13:00:00 | Actual: 2026-09-15 13:00:00 | Result: PASS
End Date Validation | Expected: 2026-09-15 16:00:00 | Actual: 2026-09-15 16:00:00 | Result: PASS
Remark Validation | Expected: Provider is on maintenance | Actual: Provider is on maintenance | Result: PASS
--------------------------------------
ALL VALIDATIONS PASSED
========== VALIDATION END ============

ALL VALIDATIONS PASSED
Waiting for AJAX processing...
AJAX processing completed.
Save button found.
Save button clicked.

======================================
SUBMIT SUCCESSFUL
Provider : SPLUS [SPLUS]
Currency : THB
======================================
RESULT WRITTEN: SPLUS [SPLUS] | THB | PASS
Modal Cancel clicked.
Fresh Add Notification modal opened.

==============================================
Provider : SPLUS [SPLUS]
Currency : BDT
Attempt  : 1
==============================================
Currency selected: BDT
Currency validation PASS
Waiting for merchants to load for BDT
Merchant options found: 12
Merchants selected: 12 / 12
All merchants selected successfully for BDT
Provider selected successfully: SPLUS [SPLUS]
Start date validation PASS
End date validation PASS
Remark validation PASS

======================================
VALIDATING BEFORE SAVE
Provider : SPLUS [SPLUS]
Currency : BDT
Start    : 2026-09-15 13:00:00
End      : 2026-09-15 16:00:00
Remark   : Provider is on maintenance
======================================

========== VALIDATION START ==========
Provider Validation | Expected: SPLUS [SPLUS] | Actual: SPLUS [SPLUS] | Result: PASS
Start Date Validation | Expected: 2026-09-15 13:00:00 | Actual: 2026-09-15 13:00:00 | Result: PASS
End Date Validation | Expected: 2026-09-15 16:00:00 | Actual: 2026-09-15 16:00:00 | Result: PASS
Remark Validation | Expected: Provider is on maintenance | Actual: Provider is on maintenance | Result: PASS
--------------------------------------
ALL VALIDATIONS PASSED
========== VALIDATION END ============

ALL VALIDATIONS PASSED
Waiting for AJAX processing...
AJAX processing completed.
Save button found.
Save button clicked.

======================================
SUBMIT SUCCESSFUL
Provider : SPLUS [SPLUS]
Currency : BDT
======================================
RESULT WRITTEN: SPLUS [SPLUS] | BDT | PASS
Modal Cancel clicked.
Fresh Add Notification modal opened.

==============================================
Provider : SPLUS [SPLUS]
Currency : INR
Attempt  : 1
==============================================
Currency selected: INR
Currency validation PASS
Waiting for merchants to load for INR
Merchant options found: 6
Merchants selected: 6 / 6
All merchants selected successfully for INR
Provider selected successfully: SPLUS [SPLUS]
Start date validation PASS
End date validation PASS
Remark validation PASS

======================================
VALIDATING BEFORE SAVE
Provider : SPLUS [SPLUS]
Currency : INR
Start    : 2026-09-15 13:00:00
End      : 2026-09-15 16:00:00
Remark   : Provider is on maintenance
======================================

========== VALIDATION START ==========
Provider Validation | Expected: SPLUS [SPLUS] | Actual: SPLUS [SPLUS] | Result: PASS
Start Date Validation | Expected: 2026-09-15 13:00:00 | Actual: 2026-09-15 13:00:00 | Result: PASS
End Date Validation | Expected: 2026-09-15 16:00:00 | Actual: 2026-09-15 16:00:00 | Result: PASS
Remark Validation | Expected: Provider is on maintenance | Actual: Provider is on maintenance | Result: PASS
--------------------------------------
ALL VALIDATIONS PASSED
========== VALIDATION END ============

ALL VALIDATIONS PASSED
Waiting for AJAX processing...
AJAX processing completed.
Save button found.
Save button clicked.

======================================
SUBMIT SUCCESSFUL
Provider : SPLUS [SPLUS]
Currency : INR
======================================
RESULT WRITTEN: SPLUS [SPLUS] | INR | PASS
Modal Cancel clicked.
Failed to open fresh Add Notification:
Expected condition failed: waiting for visibility of element located by By.id: addMaintenance (tried for 20 second(s) with 500 milliseconds interval)
Build info: version: '4.34.0', revision: '707dcb4246*'
System info: os.name: 'Windows 11', os.arch: 'amd64', os.version: '10.0', java.version: '21.0.9'
Driver info: org.openqa.selenium.chrome.ChromeDriver
Capabilities {acceptInsecureCerts: false, browserName: chrome, browserVersion: 153.0.8010.36, chrome: {chromedriverVersion: 153.0.8010.36 (507c6ee3e2f3..., userDataDir: C:\Users\AKASHK~1\AppData\L...}, fedcm:accounts: true, goog:chromeOptions: {debuggerAddress: localhost:54313}, goog:processID: 9832, networkConnectionEnabled: false, pageLoadStrategy: normal, platformName: windows, proxy: Proxy(), se:cdp: ws://localhost:54313/devtoo..., se:cdpVersion: 153.0.8010.36, setWindowRect: true, strictFileInteractability: false, timeouts: {implicit: 0, pageLoad: 300000, script: 30000}, unhandledPromptBehavior: dismiss and notify, webauthn:extension:cmtgKey: true, webauthn:extension:credBlob: true, webauthn:extension:largeBlob: true, webauthn:extension:minPinLength: true, webauthn:extension:prf: true, webauthn:virtualAuthenticators: true}
Session ID: 41ad25322b76adb39713c5d63a347474
Could not open fresh modal for next currency.

==============================================
NORMAL CURRENCY PROCESSING COMPLETED
Provider : SPLUS [SPLUS]
No definite failed currencies.
==============================================

##############################################
PROVIDER COMPLETED
Provider : SPLUS [SPLUS]
##############################################

##############################################
STARTING PROVIDER
Provider : SPLUS-FISH [SPLUS-FISH]
Start    : 2026-09-15 13:00:00
End      : 2026-09-15 16:00:00
Remark   : Provider is on maintenance
##############################################
Normal Add Notification click failed.
Using JavaScript click...
Failed to open fresh Add Notification:
Expected condition failed: waiting for visibility of element located by By.id: addMaintenance (tried for 20 second(s) with 500 milliseconds interval)
Build info: version: '4.34.0', revision: '707dcb4246*'
System info: os.name: 'Windows 11', os.arch: 'amd64', os.version: '10.0', java.version: '21.0.9'
Driver info: org.openqa.selenium.chrome.ChromeDriver
Capabilities {acceptInsecureCerts: false, browserName: chrome, browserVersion: 153.0.8010.36, chrome: {chromedriverVersion: 153.0.8010.36 (507c6ee3e2f3..., userDataDir: C:\Users\AKASHK~1\AppData\L...}, fedcm:accounts: true, goog:chromeOptions: {debuggerAddress: localhost:54313}, goog:processID: 9832, networkConnectionEnabled: false, pageLoadStrategy: normal, platformName: windows, proxy: Proxy(), se:cdp: ws://localhost:54313/devtoo..., se:cdpVersion: 153.0.8010.36, setWindowRect: true, strictFileInteractability: false, timeouts: {implicit: 0, pageLoad: 300000, script: 30000}, unhandledPromptBehavior: dismiss and notify, webauthn:extension:cmtgKey: true, webauthn:extension:credBlob: true, webauthn:extension:largeBlob: true, webauthn:extension:minPinLength: true, webauthn:extension:prf: true, webauthn:virtualAuthenticators: true}
Session ID: 41ad25322b76adb39713c5d63a347474
Could not open Add Notification.
Skipping provider: SPLUS-FISH [SPLUS-FISH]

##############################################
STARTING PROVIDER
Provider : SPLUS-INSTANTWIN [SPLUS-INSTANTWIN]
Start    : 2026-09-15 13:00:00
End      : 2026-09-15 16:00:00
Remark   : Provider is on maintenance
##############################################
Normal Add Notification click failed.
Using JavaScript click...
Failed to open fresh Add Notification:
Expected condition failed: waiting for visibility of element located by By.id: addMaintenance (tried for 20 second(s) with 500 milliseconds interval)
Build info: version: '4.34.0', revision: '707dcb4246*'
System info: os.name: 'Windows 11', os.arch: 'amd64', os.version: '10.0', java.version: '21.0.9'
Driver info: org.openqa.selenium.chrome.ChromeDriver
Capabilities {acceptInsecureCerts: false, browserName: chrome, browserVersion: 153.0.8010.36, chrome: {chromedriverVersion: 153.0.8010.36 (507c6ee3e2f3..., userDataDir: C:\Users\AKASHK~1\AppData\L...}, fedcm:accounts: true, goog:chromeOptions: {debuggerAddress: localhost:54313}, goog:processID: 9832, networkConnectionEnabled: false, pageLoadStrategy: normal, platformName: windows, proxy: Proxy(), se:cdp: ws://localhost:54313/devtoo..., se:cdpVersion: 153.0.8010.36, setWindowRect: true, strictFileInteractability: false, timeouts: {implicit: 0, pageLoad: 300000, script: 30000}, unhandledPromptBehavior: dismiss and notify, webauthn:extension:cmtgKey: true, webauthn:extension:credBlob: true, webauthn:extension:largeBlob: true, webauthn:extension:minPinLength: true, webauthn:extension:prf: true, webauthn:virtualAuthenticators: true}
Session ID: 41ad25322b76adb39713c5d63a347474
Could not open Add Notification.
Skipping provider: SPLUS-INSTANTWIN [SPLUS-INSTANTWIN]
Blank provider row found.
Skipping Excel row.
Blank provider row found.
Skipping Excel row.
Blank provider row found.
Skipping Excel row.
Blank provider row found.
Skipping Excel row.
Blank provider row found.
Skipping Excel row.
Blank provider row found.
Skipping Excel row.
Blank provider row found.
Skipping Excel row.
Blank provider row found.
Skipping Excel row.
Blank provider row found.
Skipping Excel row.

==============================================
ALL EXCEL PROVIDERS COMPLETED
==============================================
[WARNING] thread Thread[#50,CompletableFutureDelayScheduler,5,com.framework.practice] was interrupted but is still alive after waiting at least 14999msecs
[WARNING] thread Thread[#50,CompletableFutureDelayScheduler,5,com.framework.practice] will linger despite being asked to die via interruption
[WARNING] thread Thread[#64,UrlChecker-3,5,com.framework.practice] will linger despite being asked to die via interruption
[WARNING] NOTE: 2 thread(s) did not finish despite being asked to via interruption. This is not a problem with exec:java, it is a problem with the running code. Although not serious, it should be remedied.
[INFO] ------------------------------------------------------------------------
[INFO] BUILD SUCCESS
[INFO] ------------------------------------------------------------------------
[INFO] Total time:  03:10 min
[INFO] Finished at: 2026-09-15T10:47:02+05:30
[INFO] ------------------------------------------------------------------------
 
Automation Exit Code: 0 
Automation Finished: Tue 09/15/2026 10:47:02.97 
========================================== 
